../Drivers/STM32F4xx_HAL_Driver/Src/stm32f4xx_hal_can.c:277:19:HAL_CAN_Init	24	static
../Drivers/STM32F4xx_HAL_Driver/Src/stm32f4xx_hal_can.c:462:19:HAL_CAN_DeInit	16	static
../Drivers/STM32F4xx_HAL_Driver/Src/stm32f4xx_hal_can.c:509:13:HAL_CAN_MspInit	16	static
../Drivers/STM32F4xx_HAL_Driver/Src/stm32f4xx_hal_can.c:525:13:HAL_CAN_MspDeInit	16	static
../Drivers/STM32F4xx_HAL_Driver/Src/stm32f4xx_hal_can.c:842:19:HAL_CAN_ConfigFilter	32	static
../Drivers/STM32F4xx_HAL_Driver/Src/stm32f4xx_hal_can.c:1038:19:HAL_CAN_Start	192	static
../Drivers/STM32F4xx_HAL_Driver/Src/stm32f4xx_hal_can.c:1107:19:HAL_CAN_Stop	24	static
../Drivers/STM32F4xx_HAL_Driver/Src/stm32f4xx_hal_can.c:1162:19:HAL_CAN_RequestSleep	24	static
../Drivers/STM32F4xx_HAL_Driver/Src/stm32f4xx_hal_can.c:1193:19:HAL_CAN_WakeUp	24	static
../Drivers/STM32F4xx_HAL_Driver/Src/stm32f4xx_hal_can.c:1240:10:HAL_CAN_IsSleepActive	24	static
../Drivers/STM32F4xx_HAL_Driver/Src/stm32f4xx_hal_can.c:1271:19:HAL_CAN_AddTxMessage	40	static
../Drivers/STM32F4xx_HAL_Driver/Src/stm32f4xx_hal_can.c:1371:19:HAL_CAN_AbortTxRequest	24	static
../Drivers/STM32F4xx_HAL_Driver/Src/stm32f4xx_hal_can.c:1420:10:HAL_CAN_GetTxMailboxesFreeLevel	24	static
../Drivers/STM32F4xx_HAL_Driver/Src/stm32f4xx_hal_can.c:1463:10:HAL_CAN_IsTxMessagePending	24	static
../Drivers/STM32F4xx_HAL_Driver/Src/stm32f4xx_hal_can.c:1495:10:HAL_CAN_GetTxTimestamp	40	static,ignoring_inline_asm
../Drivers/STM32F4xx_HAL_Driver/Src/stm32f4xx_hal_can.c:1529:19:HAL_CAN_GetRxMessage	32	static
../Drivers/STM32F4xx_HAL_Driver/Src/stm32f4xx_hal_can.c:1629:10:HAL_CAN_GetRxFifoFillLevel	24	static
../Drivers/STM32F4xx_HAL_Driver/Src/stm32f4xx_hal_can.c:1682:19:HAL_CAN_ActivateNotification	24	static
../Drivers/STM32F4xx_HAL_Driver/Src/stm32f4xx_hal_can.c:1715:19:HAL_CAN_DeactivateNotification	24	static
../Drivers/STM32F4xx_HAL_Driver/Src/stm32f4xx_hal_can.c:1746:6:HAL_CAN_IRQHandler	48	static
../Drivers/STM32F4xx_HAL_Driver/Src/stm32f4xx_hal_can.c:2157:13:HAL_CAN_TxMailbox0CompleteCallback	16	static
../Drivers/STM32F4xx_HAL_Driver/Src/stm32f4xx_hal_can.c:2174:13:HAL_CAN_TxMailbox1CompleteCallback	16	static
../Drivers/STM32F4xx_HAL_Driver/Src/stm32f4xx_hal_can.c:2191:13:HAL_CAN_TxMailbox2CompleteCallback	16	static
../Drivers/STM32F4xx_HAL_Driver/Src/stm32f4xx_hal_can.c:2208:13:HAL_CAN_TxMailbox0AbortCallback	16	static
../Drivers/STM32F4xx_HAL_Driver/Src/stm32f4xx_hal_can.c:2225:13:HAL_CAN_TxMailbox1AbortCallback	16	static
../Drivers/STM32F4xx_HAL_Driver/Src/stm32f4xx_hal_can.c:2242:13:HAL_CAN_TxMailbox2AbortCallback	16	static
../Drivers/STM32F4xx_HAL_Driver/Src/stm32f4xx_hal_can.c:2259:13:HAL_CAN_RxFifo0MsgPendingCallback	16	static
../Drivers/STM32F4xx_HAL_Driver/Src/stm32f4xx_hal_can.c:2276:13:HAL_CAN_RxFifo0FullCallback	16	static
../Drivers/STM32F4xx_HAL_Driver/Src/stm32f4xx_hal_can.c:2293:13:HAL_CAN_RxFifo1MsgPendingCallback	16	static
../Drivers/STM32F4xx_HAL_Driver/Src/stm32f4xx_hal_can.c:2310:13:HAL_CAN_RxFifo1FullCallback	16	static
../Drivers/STM32F4xx_HAL_Driver/Src/stm32f4xx_hal_can.c:2327:13:HAL_CAN_SleepCallback	16	static
../Drivers/STM32F4xx_HAL_Driver/Src/stm32f4xx_hal_can.c:2343:13:HAL_CAN_WakeUpFromRxMsgCallback	16	static
../Drivers/STM32F4xx_HAL_Driver/Src/stm32f4xx_hal_can.c:2360:13:HAL_CAN_ErrorCallback	16	static
../Drivers/STM32F4xx_HAL_Driver/Src/stm32f4xx_hal_can.c:2397:22:HAL_CAN_GetState	24	static
../Drivers/STM32F4xx_HAL_Driver/Src/stm32f4xx_hal_can.c:2432:10:HAL_CAN_GetError	16	static
../Drivers/STM32F4xx_HAL_Driver/Src/stm32f4xx_hal_can.c:2444:19:HAL_CAN_ResetError	24	static
