../Core/Src/freertos.c:129:6:MX_FREERTOS_Init	40	static
../Core/Src/freertos.c:199:6:StartDefaultTask	16	static
../Core/Src/freertos.c:211:6:UART_Print	16	static
../Core/Src/freertos.c:218:6:StartLedTask	16	static
../Core/Src/freertos.c:228:6:StartCanTxTask	56	static
../Core/Src/freertos.c:276:6:StartVehicleTxTask	96	static
../Core/Src/freertos.c:347:6:StartCanRxPrintTask	256	static
../Core/Src/freertos.c:373:6:StartButtonTask	16	static
../Core/Src/freertos.c:382:6:StartWatchdogTask	192	static
../Core/Src/freertos.c:422:6:vApplicationStackOverflowHook	16	static,ignoring_inline_asm
../Core/Src/freertos.c:432:6:vApplicationMallocFailedHook	8	static,ignoring_inline_asm
