../Core/Src/freertos.c:114:6:MX_FREERTOS_Init	40	static
../Core/Src/freertos.c:180:6:StartDefaultTask	16	static
../Core/Src/freertos.c:192:6:UART_Print	16	static
../Core/Src/freertos.c:199:6:StartLedTask	16	static
../Core/Src/freertos.c:209:6:StartCanTxTask	56	static
../Core/Src/freertos.c:249:6:StartCanRxPrintTask	176	static
../Core/Src/freertos.c:269:6:StartButtonTask	16	static
../Core/Src/freertos.c:278:6:StartWatchdogTask	160	static
../Core/Src/freertos.c:313:6:vApplicationStackOverflowHook	16	static,ignoring_inline_asm
../Core/Src/freertos.c:323:6:vApplicationMallocFailedHook	8	static,ignoring_inline_asm
