../Core/Src/main.c:109:22:Reset_Reason_Get	16	static
../Core/Src/main.c:131:13:CAN_Filter_Config	48	static
../Core/Src/main.c:150:13:Error_Handler_Ctx	128	static
../Core/Src/main.c:162:13:CAN_Diag_Print	192	static
../Core/Src/main.c:181:5:main	8	static
../Core/Src/main.c:257:6:SystemClock_Config	88	static
../Core/Src/main.c:302:6:HAL_CAN_RxFifo0MsgPendingCallback	104	static,ignoring_inline_asm
../Core/Src/main.c:346:6:HAL_GPIO_EXTI_Callback	16	static
../Core/Src/main.c:363:6:HAL_TIM_PeriodElapsedCallback	16	static
../Core/Src/main.c:381:6:Error_Handler	4	static,ignoring_inline_asm
